Microsemi Libero Software
Version: 11.9.0.4
Release: v11.9

Info: The design TOP.adb was last modified by software version 11.9.0.4.
Opened an existing Libero design TOP.adb.
'BA_NAME' set to 'TOP_ba'
'IDE_DESIGNERVIEW_NAME' set to 'Impl1'
'IDE_DESIGNERVIEW_COUNT' set to '1'
'IDE_DESIGNERVIEW_REV0' set to 'Impl1'
'IDE_DESIGNERVIEW_REVNUM0' set to '1'
'IDE_DESIGNERVIEW_ROOTDIR' set to 'C:\Users\mtstacho\Desktop\LED\designer'
'IDE_DESIGNERVIEW_LASTREV' set to '1'
***** Layout Variables *********************************************

Mode: TIMING_DRIVEN
Power-driven Layout: OFF
Incremental Placement: OFF
Incremental Route: OFF


Info: I/O Bank Assigner detected (1) out of (6) I/O Bank(s) with locked I/O technologies.

Running I/O Bank Assigner.

I/O Bank Assigner completed successfully.
 

Planning global net placement...


Global net placement completed successfully.

                        o - o - o - o - o - o

Timing-driven Placer Started: Thu Apr 11 20:07:02 2019

Placer Finished: Thu Apr 11 20:07:05 2019
Total Placer CPU Time:     00:00:03

                        o - o - o - o - o - o


Timing-driven Router 
Design: TOP                             Started: Thu Apr 11 20:07:06 2019

 
Iterative improvement...

Timing-driven Router completed successfully.

Design: TOP                             
Finished: Thu Apr 11 20:07:11 2019
Total CPU Time:     00:00:04            Total Elapsed Time: 00:00:05
Total Memory Usage: 173.2 Mbytes
                        o - o - o - o - o - o

status 257
Loading the Timing data for the design.
Finished loading the Timing data.
TIMER: Max delay timing requirements have NOT been met.
TIMER: Min delay timing requirements have been met.

The Layout command succeeded ( 00:00:13 )
Wrote status report to file: TOP_place_and_route_report.txt

The Report command succeeded ( 00:00:00 )
Wrote globalnet report to file: TOP_globalnet_report.txt

The Report command succeeded ( 00:00:00 )
Wrote globalusage report to file: TOP_globalusage_report.txt

The Report command succeeded ( 00:00:00 )
Wrote iobank report to file: TOP_iobank_report.txt

The Report command succeeded ( 00:00:00 )
Wrote pin report to file: TOP_report_pin_byname.txt

The Report command succeeded ( 00:00:01 )
Wrote pin report to file: TOP_report_pin_bynumber.txt

The Report command succeeded ( 00:00:01 )
Design saved to file C:\Users\mtstacho\Desktop\LED\designer\impl1\TOP.adb.

The Execute Script command succeeded ( 00:00:16 )
Design closed.

