Target Part: A2F200M3F_FBGA484_STD
Report for cell TOP.verilog
  Core Cell usage:
              cell count     area count*area
               AO1     2      1.0        2.0
              AOI1     1      1.0        1.0
               AX1     1      1.0        1.0
              AX1C     2      1.0        2.0
            CLKINT     2      0.0        0.0
               GND     4      0.0        0.0
           MSS_APB     1      0.0        0.0
           MSS_CCC     1      0.0        0.0
               MX2   188      1.0      188.0
              NOR2     6      1.0        6.0
             NOR2A     9      1.0        9.0
             NOR2B    10      1.0       10.0
             NOR3A     3      1.0        3.0
             NOR3B    10      1.0       10.0
             NOR3C     7      1.0        7.0
               OA1     2      1.0        2.0
              OA1A     1      1.0        1.0
               OR2     3      1.0        3.0
              OR2A     1      1.0        1.0
              OR2B     1      1.0        1.0
               OR3     3      1.0        3.0
              OR3A     1      1.0        1.0
              OR3C     1      1.0        1.0
             RCOSC     1      0.0        0.0
               VCC     4      0.0        0.0
              XA1B     9      1.0        9.0
              XOR2     1      1.0        1.0


              DFN1     3      1.0        3.0
            DFN1E0     7      1.0        7.0
            DFN1E1   202      1.0      202.0
                   -----          ----------
             TOTAL   487               474.0


  IO Cell usage:
              cell count
         INBUF_MSS     1
            OUTBUF     1
                   -----
             TOTAL     2


Core Cells         : 474 of 4608 (10%)
IO Cells           : 2

  RAM/ROM Usage Summary
Block Rams : 0 of 8 (0%)

